1445000 865
1 1 2 1 2 3 2 2 2 2
0 8 220000
1 2 400000
2 9 120000
3 4 100000
4 5 250000
5 6 50000
5 9 35000
6 7 50000
7 8 220000